---
source: crates/prek/src/config.rs
expression: config
---
Config {
    repos: [
        Local(
            LocalRepo {
                repo: "local",
                hooks: [
                    ManifestHook {
                        id: "cargo-fmt",
                        name: "cargo fmt",
                        entry: "cargo fmt --",
                        language: System,
                        options: HookOptions {
                            alias: None,
                            files: None,
                            exclude: None,
                            types: None,
                            types_or: None,
                            exclude_types: None,
                            additional_dependencies: None,
                            args: None,
                            always_run: None,
                            fail_fast: None,
                            pass_filenames: None,
                            description: None,
                            language_version: None,
                            log_file: None,
                            require_serial: None,
                            priority: None,
                            stages: None,
                            verbose: None,
                            minimum_prek_version: None,
                            _unused_keys: {},
                        },
                    },
                ],
                _unused_keys: {},
            },
        ),
        Remote(
            RemoteRepo {
                repo: "https://github.com/pre-commit/pre-commit-hooks",
                rev: "v6.0.0",
                hooks: [
                    RemoteHook {
                        id: "trailing-whitespace",
                        name: None,
                        entry: None,
                        language: None,
                        options: HookOptions {
                            alias: None,
                            files: None,
                            exclude: None,
                            types: None,
                            types_or: None,
                            exclude_types: None,
                            additional_dependencies: None,
                            args: None,
                            always_run: None,
                            fail_fast: None,
                            pass_filenames: None,
                            description: None,
                            language_version: None,
                            log_file: None,
                            require_serial: None,
                            priority: None,
                            stages: None,
                            verbose: None,
                            minimum_prek_version: None,
                            _unused_keys: {},
                        },
                    },
                    RemoteHook {
                        id: "end-of-file-fixer",
                        name: None,
                        entry: None,
                        language: None,
                        options: HookOptions {
                            alias: None,
                            files: None,
                            exclude: None,
                            types: None,
                            types_or: None,
                            exclude_types: None,
                            additional_dependencies: None,
                            args: Some(
                                [
                                    "--fix",
                                    "crlf",
                                ],
                            ),
                            always_run: None,
                            fail_fast: None,
                            pass_filenames: None,
                            description: None,
                            language_version: None,
                            log_file: None,
                            require_serial: None,
                            priority: None,
                            stages: None,
                            verbose: None,
                            minimum_prek_version: None,
                            _unused_keys: {},
                        },
                    },
                ],
                _unused_keys: {},
            },
        ),
    ],
    default_install_hook_types: None,
    default_language_version: None,
    default_stages: None,
    files: None,
    exclude: None,
    fail_fast: Some(
        true,
    ),
    minimum_prek_version: None,
    orphan: None,
    _unused_keys: {},
}
